........................................................................ [  5%]
........................................................................ [ 10%]
........................................................................ [ 16%]
........................................................................ [ 21%]
........................................................................ [ 27%]
........................................................................ [ 32%]
........................................................................ [ 38%]
........................................................................ [ 43%]
........................................................................ [ 49%]
.s...................................................................... [ 54%]
........................................................................ [ 60%]
........................................................................ [ 65%]
........................................................................ [ 71%]
........................................................................ [ 76%]
..........................................................F............. [ 82%]
........................................................................ [ 87%]
........................................................................ [ 93%]
........................................................................ [ 98%]
..................                                                       [100%]
=================================== FAILURES ===================================
_____________ test_repository_identity_resolves_repo_root_and_head _____________

    def test_repository_identity_resolves_repo_root_and_head():
        from services.director.run_ledger import repository_identity
    
        identity = repository_identity()
>       assert identity["repo_root"] == "/Users/Shared/HermesWorkspace/wangp-dspy"
E       AssertionError: assert '/private/tmp...260913-bJlI0Z' == '/Users/Share...ce/wangp-dspy'
E         
E         - /Users/Shared/HermesWorkspace/wangp-dspy
E         + /private/tmp/wangp-parity-source-only-20260913-bJlI0Z

tests/test_run_identity.py:13: AssertionError
=============================== warnings summary ===============================
host/wangp_adapter.py:820
  /private/tmp/wangp-parity-source-only-20260913-bJlI0Z/host/wangp_adapter.py:820: SyntaxWarning: invalid escape sequence '\s'
    """Verify-before-trust: the log must show a COMPLETE N/N denoise

../../../Users/Shared/HermesWorkspace/wangp-dspy/.venv/lib/python3.12/site-packages/fastapi/testclient.py:1
  /Users/Shared/HermesWorkspace/wangp-dspy/.venv/lib/python3.12/site-packages/fastapi/testclient.py:1: StarletteDeprecationWarning: Using `httpx` with `starlette.testclient` is deprecated; install `httpx2` instead.
    from starlette.testclient import TestClient as TestClient  # noqa

tests/test_prompt_director.py:195
  /private/tmp/wangp-parity-source-only-20260913-bJlI0Z/tests/test_prompt_director.py:195: SyntaxWarning: invalid escape sequence '\w'
    """transition\w* must catch 'transitional', not just 'transition'."""

-- Docs: https://docs.pytest.org/en/stable/how-to/capture-warnings.html
=========================== short test summary info ============================
FAILED tests/test_run_identity.py::test_repository_identity_resolves_repo_root_and_head
1 failed, 1312 passed, 1 skipped, 3 warnings in 18.98s
