[DL:4.4MiB][#e2bf9d 0B/18GiB(0%)][#8c17ab 576KiB/1.3GiB(0%)][#ebf3c9 576KiB/1.3GiB(0%)]
[DL:32MiB][#e2bf9d 2.2MiB/18GiB(0%)][#8c17ab 15MiB/1.3GiB(1%)][#ebf3c9 22MiB/1.3GiB(1%)]
[DL:37MiB][#e2bf9d 6.2MiB/18GiB(0%)][#8c17ab 33MiB/1.3GiB(2%)][#ebf3c9 44MiB/1.3GiB(3%)]
[DL:39MiB][#e2bf9d 10MiB/18GiB(0%)][#8c17ab 49MiB/1.3GiB(3%)][#ebf3c9 67MiB/1.3GiB(4%)]
[DL:40MiB][#e2bf9d 14MiB/18GiB(0%)][#8c17ab 67MiB/1.3GiB(4%)][#ebf3c9 89MiB/1.3GiB(6%)]
[DL:39MiB][#e2bf9d 18MiB/18GiB(0%)][#8c17ab 81MiB/1.3GiB(5%)][#ebf3c9 108MiB/1.3GiB(7%)]
[DL:41MiB][#e2bf9d 23MiB/18GiB(0%)][#8c17ab 100MiB/1.3GiB(7%)][#ebf3c9 135MiB/1.3GiB(9%)]
[DL:41MiB][#e2bf9d 27MiB/18GiB(0%)][#8c17ab 117MiB/1.3GiB(8%)][#ebf3c9 155MiB/1.3GiB(11%)]
[DL:41MiB][#e2bf9d 32MiB/18GiB(0%)][#8c17ab 135MiB/1.3GiB(9%)][#ebf3c9 178MiB/1.3GiB(12%)]
[DL:42MiB][#e2bf9d 36MiB/18GiB(0%)][#8c17ab 153MiB/1.3GiB(11%)][#ebf3c9 199MiB/1.3GiB(14%)]
[DL:43MiB][#e2bf9d 41MiB/18GiB(0%)][#8c17ab 171MiB/1.3GiB(12%)][#ebf3c9 221MiB/1.3GiB(15%)]
[DL:42MiB][#e2bf9d 46MiB/18GiB(0%)][#8c17ab 185MiB/1.3GiB(13%)][#ebf3c9 234MiB/1.3GiB(16%)]
[DL:42MiB][#e2bf9d 53MiB/18GiB(0%)][#8c17ab 209MiB/1.3GiB(15%)][#ebf3c9 243MiB/1.3GiB(17%)]
[DL:41MiB][#e2bf9d 60MiB/18GiB(0%)][#8c17ab 233MiB/1.3GiB(16%)][#ebf3c9 253MiB/1.3GiB(18%)]
[DL:41MiB][#e2bf9d 67MiB/18GiB(0%)][#8c17ab 257MiB/1.3GiB(18%)][#ebf3c9 265MiB/1.3GiB(18%)]
[DL:42MiB][#e2bf9d 77MiB/18GiB(0%)][#8c17ab 270MiB/1.3GiB(19%)][#ebf3c9 280MiB/1.3GiB(19%)]
[DL:40MiB][#e2bf9d 87MiB/18GiB(0%)][#8c17ab 284MiB/1.3GiB(20%)][#ebf3c9 295MiB/1.3GiB(21%)]
[DL:40MiB][#e2bf9d 97MiB/18GiB(0%)][#8c17ab 299MiB/1.3GiB(21%)][#ebf3c9 310MiB/1.3GiB(22%)]
[DL:40MiB][#e2bf9d 108MiB/18GiB(0%)][#8c17ab 312MiB/1.3GiB(22%)][#ebf3c9 324MiB/1.3GiB(23%)]
[DL:39MiB][#e2bf9d 120MiB/18GiB(0%)][#8c17ab 326MiB/1.3GiB(23%)][#ebf3c9 338MiB/1.3GiB(24%)]
[DL:40MiB][#e2bf9d 131MiB/18GiB(0%)][#8c17ab 340MiB/1.3GiB(24%)][#ebf3c9 352MiB/1.3GiB(25%)]
[DL:39MiB][#e2bf9d 141MiB/18GiB(0%)][#8c17ab 353MiB/1.3GiB(25%)][#ebf3c9 365MiB/1.3GiB(26%)]
[DL:39MiB][#e2bf9d 153MiB/18GiB(0%)][#8c17ab 366MiB/1.3GiB(26%)][#ebf3c9 380MiB/1.3GiB(27%)]
[DL:39MiB][#e2bf9d 164MiB/18GiB(0%)][#8c17ab 380MiB/1.3GiB(27%)][#ebf3c9 394MiB/1.3GiB(28%)]
[DL:39MiB][#e2bf9d 176MiB/18GiB(0%)][#8c17ab 393MiB/1.3GiB(28%)][#ebf3c9 409MiB/1.3GiB(29%)]
[DL:39MiB][#e2bf9d 188MiB/18GiB(1%)][#8c17ab 406MiB/1.3GiB(29%)][#ebf3c9 423MiB/1.3GiB(30%)]
[DL:39MiB][#e2bf9d 199MiB/18GiB(1%)][#8c17ab 418MiB/1.3GiB(30%)][#ebf3c9 437MiB/1.3GiB(31%)]
[DL:39MiB][#e2bf9d 211MiB/18GiB(1%)][#8c17ab 431MiB/1.3GiB(31%)][#ebf3c9 451MiB/1.3GiB(32%)]
[DL:39MiB][#e2bf9d 223MiB/18GiB(1%)][#8c17ab 444MiB/1.3GiB(32%)][#ebf3c9 466MiB/1.3GiB(33%)]
[DL:38MiB][#e2bf9d 235MiB/18GiB(1%)][#8c17ab 456MiB/1.3GiB(32%)][#ebf3c9 479MiB/1.3GiB(34%)]
 *** Download Progress Summary as of Fri Sep 25 09:52:17 2026 *** 
===============================================================================
[#e2bf9d 247MiB/18GiB(1%) CN:8 DL:11MiB ETA:26m3s]
FILE: /home/straughter/Wan2GP/ckpts/ltx-2.5-22b-distilled_diffusion_model_int8_convrot.safetensors
-------------------------------------------------------------------------------
[#8c17ab 469MiB/1.3GiB(33%) CN:8 DL:13MiB ETA:1m10s]
FILE: /home/straughter/Wan2GP/ckpts/ltx-2.5-22b_video_vae_bf16.safetensors
-------------------------------------------------------------------------------
[#ebf3c9 493MiB/1.3GiB(35%) CN:8 DL:14MiB ETA:1m3s]
FILE: /home/straughter/Wan2GP/ckpts/ltx-2.5-22b_diffusion_video_vae_bf16.safetensors
-------------------------------------------------------------------------------

[DL:39MiB][#e2bf9d 247MiB/18GiB(1%)][#8c17ab 469MiB/1.3GiB(33%)][#ebf3c9 493MiB/1.3GiB(35%)]
[DL:38MiB][#e2bf9d 258MiB/18GiB(1%)][#8c17ab 480MiB/1.3GiB(34%)][#ebf3c9 505MiB/1.3GiB(36%)]
[DL:37MiB][#e2bf9d 268MiB/18GiB(1%)][#8c17ab 491MiB/1.3GiB(35%)][#ebf3c9 517MiB/1.3GiB(36%)]
[DL:35MiB][#e2bf9d 273MiB/18GiB(1%)][#8c17ab 496MiB/1.3GiB(35%)][#ebf3c9 524MiB/1.3GiB(37%)]
[DL:34MiB][#e2bf9d 283MiB/18GiB(1%)][#8c17ab 506MiB/1.3GiB(36%)][#ebf3c9 535MiB/1.3GiB(38%)]
[DL:32MiB][#e2bf9d 290MiB/18GiB(1%)][#8c17ab 513MiB/1.3GiB(37%)][#ebf3c9 543MiB/1.3GiB(38%)]
[DL:31MiB][#e2bf9d 299MiB/18GiB(1%)][#8c17ab 522MiB/1.3GiB(37%)][#ebf3c9 554MiB/1.3GiB(39%)]
[DL:30MiB][#e2bf9d 310MiB/18GiB(1%)][#8c17ab 533MiB/1.3GiB(38%)][#ebf3c9 565MiB/1.3GiB(40%)]
[DL:31MiB][#e2bf9d 323MiB/18GiB(1%)][#8c17ab 545MiB/1.3GiB(39%)][#ebf3c9 578MiB/1.3GiB(41%)]
[DL:31MiB][#e2bf9d 336MiB/18GiB(1%)][#8c17ab 557MiB/1.3GiB(40%)][#ebf3c9 592MiB/1.3GiB(42%)]
[DL:31MiB][#e2bf9d 348MiB/18GiB(1%)][#8c17ab 569MiB/1.3GiB(41%)][#ebf3c9 605MiB/1.3GiB(43%)]
[DL:32MiB][#e2bf9d 361MiB/18GiB(1%)][#8c17ab 582MiB/1.3GiB(42%)][#ebf3c9 618MiB/1.3GiB(44%)]
[DL:32MiB][#e2bf9d 374MiB/18GiB(2%)][#8c17ab 594MiB/1.3GiB(42%)][#ebf3c9 629MiB/1.3GiB(44%)]
[DL:34MiB][#e2bf9d 388MiB/18GiB(2%)][#8c17ab 607MiB/1.3GiB(43%)][#ebf3c9 640MiB/1.3GiB(45%)]
[DL:35MiB][#e2bf9d 401MiB/18GiB(2%)][#8c17ab 621MiB/1.3GiB(44%)][#ebf3c9 652MiB/1.3GiB(46%)]
[DL:37MiB][#e2bf9d 415MiB/18GiB(2%)][#8c17ab 636MiB/1.3GiB(45%)][#ebf3c9 664MiB/1.3GiB(47%)]
[DL:38MiB][#e2bf9d 428MiB/18GiB(2%)][#8c17ab 649MiB/1.3GiB(46%)][#ebf3c9 676MiB/1.3GiB(48%)]
[DL:39MiB][#e2bf9d 442MiB/18GiB(2%)][#8c17ab 663MiB/1.3GiB(47%)][#ebf3c9 689MiB/1.3GiB(49%)]
[DL:39MiB][#e2bf9d 455MiB/18GiB(2%)][#8c17ab 677MiB/1.3GiB(48%)][#ebf3c9 701MiB/1.3GiB(49%)]
[DL:39MiB][#e2bf9d 468MiB/18GiB(2%)][#8c17ab 690MiB/1.3GiB(49%)][#ebf3c9 713MiB/1.3GiB(50%)]
[DL:39MiB][#e2bf9d 481MiB/18GiB(2%)][#8c17ab 704MiB/1.3GiB(50%)][#ebf3c9 725MiB/1.3GiB(51%)]
[DL:39MiB][#e2bf9d 495MiB/18GiB(2%)][#8c17ab 718MiB/1.3GiB(51%)][#ebf3c9 737MiB/1.3GiB(52%)]
[DL:39MiB][#e2bf9d 507MiB/18GiB(2%)][#8c17ab 731MiB/1.3GiB(52%)][#ebf3c9 747MiB/1.3GiB(53%)]
[DL:39MiB][#e2bf9d 520MiB/18GiB(2%)][#8c17ab 745MiB/1.3GiB(53%)][#ebf3c9 759MiB/1.3GiB(54%)]
[DL:38MiB][#e2bf9d 533MiB/18GiB(2%)][#8c17ab 759MiB/1.3GiB(54%)][#ebf3c9 770MiB/1.3GiB(54%)]
[DL:38MiB][#e2bf9d 547MiB/18GiB(2%)][#8c17ab 772MiB/1.3GiB(55%)][#ebf3c9 781MiB/1.3GiB(55%)]
[DL:38MiB][#e2bf9d 560MiB/18GiB(3%)][#8c17ab 786MiB/1.3GiB(56%)][#ebf3c9 792MiB/1.3GiB(56%)]
[DL:38MiB][#e2bf9d 572MiB/18GiB(3%)][#8c17ab 799MiB/1.3GiB(57%)][#ebf3c9 802MiB/1.3GiB(57%)]
[DL:38MiB][#e2bf9d 586MiB/18GiB(3%)][#8c17ab 812MiB/1.3GiB(58%)][#ebf3c9 813MiB/1.3GiB(57%)]
[DL:38MiB][#e2bf9d 598MiB/18GiB(3%)][#8c17ab 827MiB/1.3GiB(59%)][#ebf3c9 824MiB/1.3GiB(58%)]
 *** Download Progress Summary as of Fri Sep 25 09:52:49 2026 *** 
===============================================================================
[#e2bf9d 604MiB/18GiB(3%) CN:8 DL:8.9MiB ETA:33m36s]
FILE: /home/straughter/Wan2GP/ckpts/ltx-2.5-22b-distilled_diffusion_model_int8_convrot.safetensors
-------------------------------------------------------------------------------
[#8c17ab 832MiB/1.3GiB(60%) CN:8 DL:9.5MiB ETA:58s]
FILE: /home/straughter/Wan2GP/ckpts/ltx-2.5-22b_video_vae_bf16.safetensors
-------------------------------------------------------------------------------
[#ebf3c9 828MiB/1.3GiB(59%) CN:7 DL:7.3MiB ETA:1m18s]
FILE: /home/straughter/Wan2GP/ckpts/ltx-2.5-22b_diffusion_video_vae_bf16.safetensors
-------------------------------------------------------------------------------

[DL:25MiB][#e2bf9d 604MiB/18GiB(3%)][#8c17ab 832MiB/1.3GiB(60%)][#ebf3c9 828MiB/1.3GiB(59%)]
[DL:29MiB][#e2bf9d 634MiB/18GiB(3%)][#8c17ab 853MiB/1.3GiB(61%)][#ebf3c9 852MiB/1.3GiB(60%)]
[DL:29MiB][#e2bf9d 649MiB/18GiB(3%)][#8c17ab 864MiB/1.3GiB(62%)][#ebf3c9 863MiB/1.3GiB(61%)]
[DL:30MiB][#e2bf9d 665MiB/18GiB(3%)][#8c17ab 875MiB/1.3GiB(63%)][#ebf3c9 875MiB/1.3GiB(62%)]
[DL:29MiB][#e2bf9d 679MiB/18GiB(3%)][#8c17ab 886MiB/1.3GiB(64%)][#ebf3c9 887MiB/1.3GiB(63%)]
[DL:29MiB][#e2bf9d 694MiB/18GiB(3%)][#8c17ab 898MiB/1.3GiB(64%)][#ebf3c9 898MiB/1.3GiB(64%)]
[DL:29MiB][#e2bf9d 708MiB/18GiB(3%)][#8c17ab 909MiB/1.3GiB(65%)][#ebf3c9 909MiB/1.3GiB(64%)]
[DL:43MiB][#e2bf9d 723MiB/18GiB(3%)][#8c17ab 920MiB/1.3GiB(66%)][#ebf3c9 920MiB/1.3GiB(65%)]
[DL:42MiB][#e2bf9d 737MiB/18GiB(3%)][#8c17ab 0.9GiB/1.3GiB(67%)][#ebf3c9 0.9GiB/1.3GiB(66%)]
[DL:42MiB][#e2bf9d 752MiB/18GiB(4%)][#8c17ab 0.9GiB/1.3GiB(68%)][#ebf3c9 0.9GiB/1.3GiB(67%)]
[DL:41MiB][#e2bf9d 766MiB/18GiB(4%)][#8c17ab 0.9GiB/1.3GiB(69%)][#ebf3c9 0.9GiB/1.3GiB(68%)]
[DL:37MiB][#e2bf9d 780MiB/18GiB(4%)][#8c17ab 0.9GiB/1.3GiB(69%)][#ebf3c9 0.9GiB/1.3GiB(68%)]
[DL:37MiB][#e2bf9d 795MiB/18GiB(4%)][#8c17ab 0.9GiB/1.3GiB(70%)][#ebf3c9 0.9GiB/1.3GiB(69%)]
[DL:37MiB][#e2bf9d 809MiB/18GiB(4%)][#8c17ab 0.9GiB/1.3GiB(71%)][#ebf3c9 0.9GiB/1.3GiB(70%)]
[DL:37MiB][#e2bf9d 826MiB/18GiB(4%)][#8c17ab 0.9GiB/1.3GiB(72%)][#ebf3c9 0.9GiB/1.3GiB(70%)]
[DL:37MiB][#e2bf9d 843MiB/18GiB(4%)][#8c17ab 0.9GiB/1.3GiB(72%)][#ebf3c9 0.9GiB/1.3GiB(71%)]
[DL:37MiB][#e2bf9d 858MiB/18GiB(4%)][#8c17ab 0.9GiB/1.3GiB(73%)][#ebf3c9 0.9GiB/1.3GiB(72%)]
[DL:37MiB][#e2bf9d 874MiB/18GiB(4%)][#8c17ab 1.0GiB/1.3GiB(74%)][#ebf3c9 1.0GiB/1.3GiB(73%)]
[DL:37MiB][#e2bf9d 891MiB/18GiB(4%)][#8c17ab 1.0GiB/1.3GiB(75%)][#ebf3c9 1.0GiB/1.3GiB(73%)]
[DL:37MiB][#e2bf9d 907MiB/18GiB(4%)][#8c17ab 1.0GiB/1.3GiB(75%)][#ebf3c9 1.0GiB/1.3GiB(74%)]
[DL:36MiB][#e2bf9d 0.9GiB/18GiB(4%)][#8c17ab 1.0GiB/1.3GiB(76%)][#ebf3c9 1.0GiB/1.3GiB(75%)]
[DL:36MiB][#e2bf9d 0.9GiB/18GiB(5%)][#8c17ab 1.0GiB/1.3GiB(77%)][#ebf3c9 1.0GiB/1.3GiB(76%)]
[DL:37MiB][#e2bf9d 0.9GiB/18GiB(5%)][#8c17ab 1.0GiB/1.3GiB(78%)][#ebf3c9 1.0GiB/1.3GiB(76%)]
[DL:37MiB][#e2bf9d 0.9GiB/18GiB(5%)][#8c17ab 1.0GiB/1.3GiB(79%)][#ebf3c9 1.0GiB/1.3GiB(77%)]
[DL:37MiB][#e2bf9d 0.9GiB/18GiB(5%)][#8c17ab 1.0GiB/1.3GiB(80%)][#ebf3c9 1.0GiB/1.3GiB(78%)]
[DL:37MiB][#e2bf9d 0.9GiB/18GiB(5%)][#8c17ab 1.0GiB/1.3GiB(80%)][#ebf3c9 1.0GiB/1.3GiB(79%)]
[DL:37MiB][#e2bf9d 0.9GiB/18GiB(5%)][#8c17ab 1.1GiB/1.3GiB(81%)][#ebf3c9 1.0GiB/1.3GiB(79%)]
[DL:37MiB][#e2bf9d 1.0GiB/18GiB(5%)][#8c17ab 1.1GiB/1.3GiB(82%)][#ebf3c9 1.1GiB/1.3GiB(80%)]
[DL:36MiB][#e2bf9d 1.0GiB/18GiB(5%)][#8c17ab 1.1GiB/1.3GiB(83%)][#ebf3c9 1.1GiB/1.3GiB(81%)]
[DL:36MiB][#e2bf9d 1.0GiB/18GiB(5%)][#8c17ab 1.1GiB/1.3GiB(84%)][#ebf3c9 1.1GiB/1.3GiB(82%)]
[DL:37MiB][#e2bf9d 1.0GiB/18GiB(5%)][#8c17ab 1.1GiB/1.3GiB(85%)][#ebf3c9 1.1GiB/1.3GiB(83%)]
 *** Download Progress Summary as of Fri Sep 25 09:53:20 2026 *** 
===============================================================================
[#e2bf9d 1.0GiB/18GiB(5%) CN:8 DL:14MiB ETA:19m52s]
FILE: /home/straughter/Wan2GP/ckpts/ltx-2.5-22b-distilled_diffusion_model_int8_convrot.safetensors
-------------------------------------------------------------------------------
[#8c17ab 1.1GiB/1.3GiB(85%) CN:6 DL:11MiB ETA:16s]
FILE: /home/straughter/Wan2GP/ckpts/ltx-2.5-22b_video_vae_bf16.safetensors
-------------------------------------------------------------------------------
[#ebf3c9 1.1GiB/1.3GiB(83%) CN:6 DL:10MiB ETA:20s]
FILE: /home/straughter/Wan2GP/ckpts/ltx-2.5-22b_diffusion_video_vae_bf16.safetensors
-------------------------------------------------------------------------------

[DL:37MiB][#e2bf9d 1.0GiB/18GiB(5%)][#8c17ab 1.1GiB/1.3GiB(85%)][#ebf3c9 1.1GiB/1.3GiB(83%)]
[DL:36MiB][#e2bf9d 1.0GiB/18GiB(5%)][#8c17ab 1.1GiB/1.3GiB(86%)][#ebf3c9 1.1GiB/1.3GiB(84%)]
[DL:36MiB][#e2bf9d 1.0GiB/18GiB(5%)][#8c17ab 1.1GiB/1.3GiB(87%)][#ebf3c9 1.1GiB/1.3GiB(85%)]
[DL:36MiB][#e2bf9d 1.0GiB/18GiB(6%)][#8c17ab 1.1GiB/1.3GiB(88%)][#ebf3c9 1.1GiB/1.3GiB(86%)]
[DL:36MiB][#e2bf9d 1.1GiB/18GiB(6%)][#8c17ab 1.2GiB/1.3GiB(89%)][#ebf3c9 1.1GiB/1.3GiB(86%)]
[DL:36MiB][#e2bf9d 1.1GiB/18GiB(6%)][#8c17ab 1.2GiB/1.3GiB(90%)][#ebf3c9 1.1GiB/1.3GiB(87%)]
[DL:36MiB][#e2bf9d 1.1GiB/18GiB(6%)][#8c17ab 1.2GiB/1.3GiB(90%)][#ebf3c9 1.2GiB/1.3GiB(88%)]
[DL:36MiB][#e2bf9d 1.1GiB/18GiB(6%)][#8c17ab 1.2GiB/1.3GiB(91%)][#ebf3c9 1.2GiB/1.3GiB(89%)]
[DL:36MiB][#e2bf9d 1.1GiB/18GiB(6%)][#8c17ab 1.2GiB/1.3GiB(92%)][#ebf3c9 1.2GiB/1.3GiB(89%)]
[DL:36MiB][#e2bf9d 1.1GiB/18GiB(6%)][#8c17ab 1.2GiB/1.3GiB(93%)][#ebf3c9 1.2GiB/1.3GiB(90%)]
[DL:35MiB][#e2bf9d 1.1GiB/18GiB(6%)][#8c17ab 1.2GiB/1.3GiB(94%)][#ebf3c9 1.2GiB/1.3GiB(91%)]
[DL:35MiB][#e2bf9d 1.2GiB/18GiB(6%)][#8c17ab 1.2GiB/1.3GiB(95%)][#ebf3c9 1.2GiB/1.3GiB(91%)]
[DL:36MiB][#e2bf9d 1.2GiB/18GiB(6%)][#8c17ab 1.3GiB/1.3GiB(96%)][#ebf3c9 1.2GiB/1.3GiB(92%)]
[DL:36MiB][#e2bf9d 1.2GiB/18GiB(6%)][#8c17ab 1.3GiB/1.3GiB(97%)][#ebf3c9 1.2GiB/1.3GiB(93%)]
[DL:36MiB][#e2bf9d 1.2GiB/18GiB(6%)][#8c17ab 1.3GiB/1.3GiB(98%)][#ebf3c9 1.2GiB/1.3GiB(94%)]
[DL:37MiB][#e2bf9d 1.2GiB/18GiB(7%)][#8c17ab 1.3GiB/1.3GiB(98%)][#ebf3c9 1.3GiB/1.3GiB(95%)]
[DL:36MiB][#e2bf9d 1.2GiB/18GiB(7%)][#8c17ab 1.3GiB/1.3GiB(99%)][#ebf3c9 1.3GiB/1.3GiB(95%)]
[DL:36MiB][#e2bf9d 1.3GiB/18GiB(7%)][#8c17ab 1.3GiB/1.3GiB(99%)][#ebf3c9 1.3GiB/1.3GiB(96%)]
[DL:37MiB][#e2bf9d 1.3GiB/18GiB(7%)][#8c17ab 1.3GiB/1.3GiB(99%)][#ebf3c9 1.3GiB/1.3GiB(97%)]
[DL:37MiB][#e2bf9d 1.3GiB/18GiB(7%)][#8c17ab 1.3GiB/1.3GiB(100%)][#ebf3c9 1.3GiB/1.3GiB(97%)] [Checksum:#8c17ab 75MiB/1.3GiB(5%)]
[DL:35MiB][#e2bf9d 1.3GiB/18GiB(7%)][#8c17ab 1.3GiB/1.3GiB(100%)][#ebf3c9 1.3GiB/1.3GiB(98%)] [Checksum:#8c17ab 519MiB/1.3GiB(37%)]
[DL:37MiB][#e2bf9d 1.4GiB/18GiB(7%)][#8c17ab 1.3GiB/1.3GiB(100%)][#ebf3c9 1.3GiB/1.3GiB(98%)] [Checksum:#8c17ab 1.0GiB/1.3GiB(77%)]
[DL:37MiB][#e2bf9d 1.4GiB/18GiB(8%)][#ebf3c9 1.3GiB/1.3GiB(98%)][#c1536c 0B/0B]
[DL:37MiB][#e2bf9d 1.4GiB/18GiB(8%)][#ebf3c9 1.3GiB/1.3GiB(99%)][#c1536c 1.8MiB/101MiB(1%)]
[DL:37MiB][#e2bf9d 1.5GiB/18GiB(8%)][#ebf3c9 1.3GiB/1.3GiB(99%)][#c1536c 5.5MiB/101MiB(5%)]
[DL:37MiB][#e2bf9d 1.5GiB/18GiB(8%)][#ebf3c9 1.3GiB/1.3GiB(99%)][#c1536c 8.6MiB/101MiB(8%)]
[DL:37MiB][#e2bf9d 1.5GiB/18GiB(8%)][#ebf3c9 1.3GiB/1.3GiB(99%)][#c1536c 11MiB/101MiB(11%)]
[DL:32MiB][#e2bf9d 1.5GiB/18GiB(8%)][#ebf3c9 1.3GiB/1.3GiB(99%)][#c1536c 12MiB/101MiB(11%)]
[DL:37MiB][#e2bf9d 1.6GiB/18GiB(9%)][#ebf3c9 1.3GiB/1.3GiB(99%)][#c1536c 19MiB/101MiB(18%)]
[DL:39MiB][#e2bf9d 1.6GiB/18GiB(9%)][#ebf3c9 1.3GiB/1.3GiB(100%)][#c1536c 22MiB/101MiB(22%)] [Checksum:#ebf3c9 35MiB/1.3GiB(2%)]
 *** Download Progress Summary as of Fri Sep 25 09:53:50 2026 *** 
===============================================================================
[#e2bf9d 1.7GiB/18GiB(9%) CN:8 DL:34MiB ETA:8m7s]
FILE: /home/straughter/Wan2GP/ckpts/ltx-2.5-22b-distilled_diffusion_model_int8_convrot.safetensors
-------------------------------------------------------------------------------
[#ebf3c9 1.3GiB/1.3GiB(100%) CN:0]
FILE: /home/straughter/Wan2GP/ckpts/ltx-2.5-22b_diffusion_video_vae_bf16.safetensors
-------------------------------------------------------------------------------
[#c1536c 25MiB/101MiB(24%) CN:1 DL:3.2MiB ETA:23s]
FILE: /home/straughter/Wan2GP/ckpts/ltx-2.5-22b_audio_vae_bf16.safetensors
-------------------------------------------------------------------------------

[DL:39MiB][#e2bf9d 1.7GiB/18GiB(9%)][#ebf3c9 1.3GiB/1.3GiB(100%)][#c1536c 25MiB/101MiB(24%)] [Checksum:#ebf3c9 1.1GiB/1.3GiB(80%)]
[DL:37MiB][#e2bf9d 1.7GiB/18GiB(9%)][#c1536c 28MiB/101MiB(28%)][#893525 0B/246MiB(0%)]
[DL:37MiB][#e2bf9d 1.7GiB/18GiB(9%)][#c1536c 31MiB/101MiB(30%)][#893525 2.9MiB/246MiB(1%)]
[DL:35MiB][#e2bf9d 1.8GiB/18GiB(9%)][#c1536c 33MiB/101MiB(33%)][#893525 7.7MiB/246MiB(3%)]
[DL:36MiB][#e2bf9d 1.8GiB/18GiB(10%)][#c1536c 36MiB/101MiB(36%)][#893525 14MiB/246MiB(5%)]
[DL:36MiB][#e2bf9d 1.8GiB/18GiB(10%)][#c1536c 39MiB/101MiB(38%)][#893525 19MiB/246MiB(7%)]
[DL:40MiB][#e2bf9d 1.8GiB/18GiB(10%)][#c1536c 41MiB/101MiB(40%)][#893525 24MiB/246MiB(9%)]
[DL:39MiB][#e2bf9d 1.9GiB/18GiB(10%)][#c1536c 43MiB/101MiB(42%)][#893525 28MiB/246MiB(11%)]
[DL:35MiB][#e2bf9d 1.9GiB/18GiB(10%)][#c1536c 46MiB/101MiB(45%)][#893525 34MiB/246MiB(14%)]
[DL:35MiB][#e2bf9d 1.9GiB/18GiB(10%)][#c1536c 47MiB/101MiB(46%)][#893525 40MiB/246MiB(16%)]
[DL:36MiB][#e2bf9d 2.0GiB/18GiB(11%)][#c1536c 50MiB/101MiB(49%)][#893525 44MiB/246MiB(18%)]
[DL:35MiB][#e2bf9d 2.0GiB/18GiB(11%)][#c1536c 53MiB/101MiB(52%)][#893525 48MiB/246MiB(19%)]
[DL:35MiB][#e2bf9d 2.0GiB/18GiB(11%)][#c1536c 56MiB/101MiB(55%)][#893525 52MiB/246MiB(21%)]
[DL:35MiB][#e2bf9d 2.0GiB/18GiB(11%)][#c1536c 59MiB/101MiB(58%)][#893525 57MiB/246MiB(23%)]
[DL:36MiB][#e2bf9d 2.1GiB/18GiB(11%)][#c1536c 62MiB/101MiB(61%)][#893525 61MiB/246MiB(25%)]
[DL:35MiB][#e2bf9d 2.1GiB/18GiB(11%)][#c1536c 65MiB/101MiB(64%)][#893525 65MiB/246MiB(26%)]
[DL:36MiB][#e2bf9d 2.1GiB/18GiB(11%)][#c1536c 68MiB/101MiB(67%)][#893525 70MiB/246MiB(28%)]
[DL:35MiB][#e2bf9d 2.1GiB/18GiB(12%)][#c1536c 71MiB/101MiB(70%)][#893525 74MiB/246MiB(30%)]
[DL:35MiB][#e2bf9d 2.2GiB/18GiB(12%)][#c1536c 75MiB/101MiB(73%)][#893525 77MiB/246MiB(31%)]
[DL:35MiB][#e2bf9d 2.2GiB/18GiB(12%)][#c1536c 78MiB/101MiB(76%)][#893525 80MiB/246MiB(32%)]
[DL:35MiB][#e2bf9d 2.2GiB/18GiB(12%)][#c1536c 81MiB/101MiB(79%)][#893525 84MiB/246MiB(34%)]
[DL:35MiB][#e2bf9d 2.3GiB/18GiB(12%)][#c1536c 84MiB/101MiB(83%)][#893525 88MiB/246MiB(35%)]
[DL:35MiB][#e2bf9d 2.3GiB/18GiB(12%)][#c1536c 87MiB/101MiB(86%)][#893525 92MiB/246MiB(37%)]
[DL:35MiB][#e2bf9d 2.3GiB/18GiB(13%)][#c1536c 90MiB/101MiB(89%)][#893525 95MiB/246MiB(38%)]
[DL:35MiB][#e2bf9d 2.3GiB/18GiB(13%)][#c1536c 94MiB/101MiB(92%)][#893525 99MiB/246MiB(40%)]
[DL:35MiB][#e2bf9d 2.4GiB/18GiB(13%)][#c1536c 97MiB/101MiB(95%)][#893525 103MiB/246MiB(41%)]
[DL:35MiB][#e2bf9d 2.4GiB/18GiB(13%)][#c1536c 100MiB/101MiB(98%)][#893525 107MiB/246MiB(43%)]
[DL:35MiB][#e2bf9d 2.4GiB/18GiB(13%)][#893525 111MiB/246MiB(45%)][#a9c1bb 0B/0B]
[DL:34MiB][#e2bf9d 2.4GiB/18GiB(13%)][#893525 115MiB/246MiB(47%)][#a9c1bb 32KiB/2.1GiB(0%)]
[DL:34MiB][#e2bf9d 2.5GiB/18GiB(13%)][#893525 120MiB/246MiB(49%)][#a9c1bb 3.0MiB/2.1GiB(0%)]
[DL:34MiB][#e2bf9d 2.5GiB/18GiB(14%)][#893525 125MiB/246MiB(50%)][#a9c1bb 9.6MiB/2.1GiB(0%)]
 *** Download Progress Summary as of Fri Sep 25 09:54:21 2026 *** 
===============================================================================
[#e2bf9d 2.5GiB/18GiB(14%) CN:8 DL:27MiB ETA:9m43s]
FILE: /home/straughter/Wan2GP/ckpts/ltx-2.5-22b-distilled_diffusion_model_int8_convrot.safetensors
-------------------------------------------------------------------------------
[#893525 129MiB/246MiB(52%) CN:2 DL:4.1MiB ETA:27s]
FILE: /home/straughter/Wan2GP/ckpts/ltx-2.5-22b_vocoder_bf16.safetensors
-------------------------------------------------------------------------------
[#a9c1bb 16MiB/2.1GiB(0%) CN:8 DL:5.4MiB ETA:6m39s]
FILE: /home/straughter/Wan2GP/ckpts/ltx-2.5-22b_text_embedding_projection_bf16.safetensors
-------------------------------------------------------------------------------

[DL:34MiB][#e2bf9d 2.5GiB/18GiB(14%)][#893525 129MiB/246MiB(52%)][#a9c1bb 16MiB/2.1GiB(0%)]
[DL:34MiB][#e2bf9d 2.5GiB/18GiB(14%)][#893525 133MiB/246MiB(54%)][#a9c1bb 23MiB/2.1GiB(1%)]
[DL:34MiB][#e2bf9d 2.6GiB/18GiB(14%)][#893525 137MiB/246MiB(55%)][#a9c1bb 29MiB/2.1GiB(1%)]
[DL:34MiB][#e2bf9d 2.6GiB/18GiB(14%)][#893525 141MiB/246MiB(57%)][#a9c1bb 36MiB/2.1GiB(1%)]
[DL:34MiB][#e2bf9d 2.6GiB/18GiB(14%)][#893525 145MiB/246MiB(59%)][#a9c1bb 42MiB/2.1GiB(1%)]
[DL:34MiB][#e2bf9d 2.6GiB/18GiB(14%)][#893525 149MiB/246MiB(60%)][#a9c1bb 48MiB/2.1GiB(2%)]
[DL:34MiB][#e2bf9d 2.7GiB/18GiB(14%)][#893525 153MiB/246MiB(62%)][#a9c1bb 55MiB/2.1GiB(2%)]
[DL:35MiB][#e2bf9d 2.7GiB/18GiB(15%)][#893525 157MiB/246MiB(63%)][#a9c1bb 61MiB/2.1GiB(2%)]
[DL:34MiB][#e2bf9d 2.7GiB/18GiB(15%)][#893525 161MiB/246MiB(65%)][#a9c1bb 70MiB/2.1GiB(3%)]
[DL:34MiB][#e2bf9d 2.7GiB/18GiB(15%)][#893525 165MiB/246MiB(67%)][#a9c1bb 78MiB/2.1GiB(3%)]
[DL:35MiB][#e2bf9d 2.8GiB/18GiB(15%)][#893525 170MiB/246MiB(69%)][#a9c1bb 86MiB/2.1GiB(3%)]
[DL:35MiB][#e2bf9d 2.8GiB/18GiB(15%)][#893525 174MiB/246MiB(70%)][#a9c1bb 94MiB/2.1GiB(4%)]
[DL:35MiB][#e2bf9d 2.8GiB/18GiB(15%)][#893525 179MiB/246MiB(72%)][#a9c1bb 102MiB/2.1GiB(4%)]
[DL:35MiB][#e2bf9d 2.8GiB/18GiB(15%)][#893525 182MiB/246MiB(74%)][#a9c1bb 109MiB/2.1GiB(4%)]
[DL:35MiB][#e2bf9d 2.8GiB/18GiB(15%)][#893525 187MiB/246MiB(75%)][#a9c1bb 116MiB/2.1GiB(5%)]
[DL:35MiB][#e2bf9d 2.9GiB/18GiB(16%)][#893525 191MiB/246MiB(77%)][#a9c1bb 124MiB/2.1GiB(5%)]
[DL:35MiB][#e2bf9d 2.9GiB/18GiB(16%)][#893525 195MiB/246MiB(79%)][#a9c1bb 132MiB/2.1GiB(6%)]
[DL:35MiB][#e2bf9d 2.9GiB/18GiB(16%)][#893525 199MiB/246MiB(80%)][#a9c1bb 140MiB/2.1GiB(6%)]
[DL:35MiB][#e2bf9d 2.9GiB/18GiB(16%)][#893525 202MiB/246MiB(82%)][#a9c1bb 146MiB/2.1GiB(6%)]
[DL:35MiB][#e2bf9d 3.0GiB/18GiB(16%)][#893525 206MiB/246MiB(83%)][#a9c1bb 153MiB/2.1GiB(6%)]
[DL:35MiB][#e2bf9d 3.0GiB/18GiB(16%)][#893525 210MiB/246MiB(85%)][#a9c1bb 160MiB/2.1GiB(7%)]
[DL:35MiB][#e2bf9d 3.0GiB/18GiB(16%)][#893525 215MiB/246MiB(87%)][#a9c1bb 168MiB/2.1GiB(7%)]
[DL:35MiB][#e2bf9d 3.0GiB/18GiB(16%)][#893525 218MiB/246MiB(88%)][#a9c1bb 174MiB/2.1GiB(7%)]
[DL:36MiB][#e2bf9d 3.1GiB/18GiB(17%)][#893525 224MiB/246MiB(90%)][#a9c1bb 184MiB/2.1GiB(8%)]
[DL:36MiB][#e2bf9d 3.1GiB/18GiB(17%)][#893525 229MiB/246MiB(93%)][#a9c1bb 192MiB/2.1GiB(8%)]
[DL:36MiB][#e2bf9d 3.1GiB/18GiB(17%)][#893525 234MiB/246MiB(95%)][#a9c1bb 199MiB/2.1GiB(9%)]
[DL:32MiB][#e2bf9d 3.1GiB/18GiB(17%)][#893525 234MiB/246MiB(95%)][#a9c1bb 201MiB/2.1GiB(9%)]
[DL:36MiB][#e2bf9d 3.2GiB/18GiB(17%)][#893525 245MiB/246MiB(99%)][#a9c1bb 215MiB/2.1GiB(9%)]
[DL:36MiB][#e2bf9d 3.2GiB/18GiB(17%)][#a9c1bb 223MiB/2.1GiB(10%)][#f06cb3 0B/0B]
[DL:36MiB][#e2bf9d 3.2GiB/18GiB(17%)][#a9c1bb 232MiB/2.1GiB(10%)][#f06cb3 2.4MiB/1.5GiB(0%)]
 *** Download Progress Summary as of Fri Sep 25 09:54:51 2026 *** 
===============================================================================
[#e2bf9d 3.2GiB/18GiB(18%) CN:8 DL:24MiB ETA:10m17s]
FILE: /home/straughter/Wan2GP/ckpts/ltx-2.5-22b-distilled_diffusion_model_int8_convrot.safetensors
-------------------------------------------------------------------------------
[#a9c1bb 240MiB/2.1GiB(10%) CN:8 DL:7.8MiB ETA:4m9s]
FILE: /home/straughter/Wan2GP/ckpts/ltx-2.5-22b_text_embedding_projection_bf16.safetensors
-------------------------------------------------------------------------------
[#f06cb3 6.8MiB/1.5GiB(0%) CN:8 DL:3.6MiB ETA:7m4s]
FILE: /home/straughter/Wan2GP/ckpts/ltx-2.5-22b_video_embeddings_connector_int8_convrot.safetensors
-------------------------------------------------------------------------------

[DL:36MiB][#e2bf9d 3.2GiB/18GiB(18%)][#a9c1bb 240MiB/2.1GiB(10%)][#f06cb3 6.8MiB/1.5GiB(0%)]
[DL:36MiB][#e2bf9d 3.3GiB/18GiB(18%)][#a9c1bb 248MiB/2.1GiB(11%)][#f06cb3 15MiB/1.5GiB(0%)]
[DL:36MiB][#e2bf9d 3.3GiB/18GiB(18%)][#a9c1bb 254MiB/2.1GiB(11%)][#f06cb3 25MiB/1.5GiB(1%)]
[DL:36MiB][#e2bf9d 3.3GiB/18GiB(18%)][#a9c1bb 262MiB/2.1GiB(11%)][#f06cb3 37MiB/1.5GiB(2%)]
[DL:36MiB][#e2bf9d 3.3GiB/18GiB(18%)][#a9c1bb 268MiB/2.1GiB(12%)][#f06cb3 49MiB/1.5GiB(3%)]
[DL:40MiB][#e2bf9d 3.3GiB/18GiB(18%)][#a9c1bb 276MiB/2.1GiB(12%)][#f06cb3 61MiB/1.5GiB(3%)]
[DL:40MiB][#e2bf9d 3.3GiB/18GiB(18%)][#a9c1bb 283MiB/2.1GiB(12%)][#f06cb3 73MiB/1.5GiB(4%)]
[DL:36MiB][#e2bf9d 3.4GiB/18GiB(18%)][#a9c1bb 291MiB/2.1GiB(13%)][#f06cb3 86MiB/1.5GiB(5%)]
[DL:36MiB][#e2bf9d 3.4GiB/18GiB(18%)][#a9c1bb 299MiB/2.1GiB(13%)][#f06cb3 99MiB/1.5GiB(6%)]
[DL:36MiB][#e2bf9d 3.4GiB/18GiB(18%)][#a9c1bb 306MiB/2.1GiB(13%)][#f06cb3 112MiB/1.5GiB(7%)]
[DL:36MiB][#e2bf9d 3.4GiB/18GiB(18%)][#a9c1bb 313MiB/2.1GiB(14%)][#f06cb3 124MiB/1.5GiB(8%)]
[DL:36MiB][#e2bf9d 3.4GiB/18GiB(19%)][#a9c1bb 321MiB/2.1GiB(14%)][#f06cb3 137MiB/1.5GiB(8%)]
[DL:36MiB][#e2bf9d 3.4GiB/18GiB(19%)][#a9c1bb 330MiB/2.1GiB(14%)][#f06cb3 150MiB/1.5GiB(9%)]
[DL:36MiB][#e2bf9d 3.4GiB/18GiB(19%)][#a9c1bb 338MiB/2.1GiB(15%)][#f06cb3 162MiB/1.5GiB(10%)]
[DL:36MiB][#e2bf9d 3.5GiB/18GiB(19%)][#a9c1bb 347MiB/2.1GiB(15%)][#f06cb3 175MiB/1.5GiB(11%)]
[DL:36MiB][#e2bf9d 3.5GiB/18GiB(19%)][#a9c1bb 355MiB/2.1GiB(16%)][#f06cb3 188MiB/1.5GiB(12%)]
[DL:36MiB][#e2bf9d 3.5GiB/18GiB(19%)][#a9c1bb 364MiB/2.1GiB(16%)][#f06cb3 201MiB/1.5GiB(13%)]
[DL:35MiB][#e2bf9d 3.5GiB/18GiB(19%)][#a9c1bb 372MiB/2.1GiB(16%)][#f06cb3 212MiB/1.5GiB(13%)]
[DL:35MiB][#e2bf9d 3.5GiB/18GiB(19%)][#a9c1bb 382MiB/2.1GiB(17%)][#f06cb3 226MiB/1.5GiB(14%)]
[DL:36MiB][#e2bf9d 3.5GiB/18GiB(19%)][#a9c1bb 391MiB/2.1GiB(17%)][#f06cb3 239MiB/1.5GiB(15%)]
[DL:36MiB][#e2bf9d 3.5GiB/18GiB(19%)][#a9c1bb 401MiB/2.1GiB(18%)][#f06cb3 252MiB/1.5GiB(16%)]
[DL:36MiB][#e2bf9d 3.5GiB/18GiB(19%)][#a9c1bb 411MiB/2.1GiB(18%)][#f06cb3 265MiB/1.5GiB(17%)]
[DL:36MiB][#e2bf9d 3.6GiB/18GiB(19%)][#a9c1bb 421MiB/2.1GiB(19%)][#f06cb3 277MiB/1.5GiB(18%)]
[DL:36MiB][#e2bf9d 3.6GiB/18GiB(19%)][#a9c1bb 431MiB/2.1GiB(19%)][#f06cb3 289MiB/1.5GiB(18%)]
[DL:36MiB][#e2bf9d 3.6GiB/18GiB(20%)][#a9c1bb 441MiB/2.1GiB(20%)][#f06cb3 302MiB/1.5GiB(19%)]
[DL:36MiB][#e2bf9d 3.6GiB/18GiB(20%)][#a9c1bb 450MiB/2.1GiB(20%)][#f06cb3 314MiB/1.5GiB(20%)]
[DL:36MiB][#e2bf9d 3.6GiB/18GiB(20%)][#a9c1bb 460MiB/2.1GiB(20%)][#f06cb3 327MiB/1.5GiB(21%)]
[DL:35MiB][#e2bf9d 3.6GiB/18GiB(20%)][#a9c1bb 468MiB/2.1GiB(21%)][#f06cb3 336MiB/1.5GiB(21%)]
[DL:36MiB][#e2bf9d 3.6GiB/18GiB(20%)][#a9c1bb 481MiB/2.1GiB(21%)][#f06cb3 350MiB/1.5GiB(22%)]
[DL:36MiB][#e2bf9d 3.7GiB/18GiB(20%)][#a9c1bb 493MiB/2.1GiB(22%)][#f06cb3 363MiB/1.5GiB(23%)]
[DL:36MiB][#e2bf9d 3.7GiB/18GiB(20%)][#a9c1bb 504MiB/2.1GiB(22%)][#f06cb3 375MiB/1.5GiB(24%)]
 *** Download Progress Summary as of Fri Sep 25 09:55:22 2026 *** 
===============================================================================
[#e2bf9d 3.7GiB/18GiB(20%) CN:8 DL:14MiB ETA:17m21s]
FILE: /home/straughter/Wan2GP/ckpts/ltx-2.5-22b-distilled_diffusion_model_int8_convrot.safetensors
-------------------------------------------------------------------------------
[#a9c1bb 515MiB/2.1GiB(23%) CN:8 DL:10MiB ETA:2m42s]
FILE: /home/straughter/Wan2GP/ckpts/ltx-2.5-22b_text_embedding_projection_bf16.safetensors
-------------------------------------------------------------------------------
[#f06cb3 387MiB/1.5GiB(25%) CN:8 DL:12MiB ETA:1m34s]
FILE: /home/straughter/Wan2GP/ckpts/ltx-2.5-22b_video_embeddings_connector_int8_convrot.safetensors
-------------------------------------------------------------------------------

[DL:36MiB][#e2bf9d 3.7GiB/18GiB(20%)][#a9c1bb 515MiB/2.1GiB(23%)][#f06cb3 387MiB/1.5GiB(25%)]
[DL:37MiB][#e2bf9d 3.7GiB/18GiB(20%)][#a9c1bb 525MiB/2.1GiB(23%)][#f06cb3 399MiB/1.5GiB(25%)]
[DL:37MiB][#e2bf9d 3.7GiB/18GiB(20%)][#a9c1bb 537MiB/2.1GiB(24%)][#f06cb3 411MiB/1.5GiB(26%)]
[DL:37MiB][#e2bf9d 3.7GiB/18GiB(20%)][#a9c1bb 548MiB/2.1GiB(24%)][#f06cb3 423MiB/1.5GiB(27%)]
[DL:37MiB][#e2bf9d 3.7GiB/18GiB(20%)][#a9c1bb 560MiB/2.1GiB(25%)][#f06cb3 435MiB/1.5GiB(28%)]
[DL:37MiB][#e2bf9d 3.8GiB/18GiB(20%)][#a9c1bb 572MiB/2.1GiB(25%)][#f06cb3 447MiB/1.5GiB(29%)]
[DL:37MiB][#e2bf9d 3.8GiB/18GiB(21%)][#a9c1bb 584MiB/2.1GiB(26%)][#f06cb3 460MiB/1.5GiB(29%)]
[DL:37MiB][#e2bf9d 3.8GiB/18GiB(21%)][#a9c1bb 595MiB/2.1GiB(27%)][#f06cb3 472MiB/1.5GiB(30%)]
[DL:36MiB][#e2bf9d 3.8GiB/18GiB(21%)][#a9c1bb 607MiB/2.1GiB(27%)][#f06cb3 485MiB/1.5GiB(31%)]
[DL:36MiB][#e2bf9d 3.8GiB/18GiB(21%)][#a9c1bb 620MiB/2.1GiB(28%)][#f06cb3 497MiB/1.5GiB(32%)]
[DL:36MiB][#e2bf9d 3.8GiB/18GiB(21%)][#a9c1bb 632MiB/2.1GiB(28%)][#f06cb3 509MiB/1.5GiB(33%)]
[DL:36MiB][#e2bf9d 3.8GiB/18GiB(21%)][#a9c1bb 645MiB/2.1GiB(29%)][#f06cb3 522MiB/1.5GiB(33%)]
[DL:36MiB][#e2bf9d 3.8GiB/18GiB(21%)][#a9c1bb 658MiB/2.1GiB(29%)][#f06cb3 534MiB/1.5GiB(34%)]
[DL:36MiB][#e2bf9d 3.8GiB/18GiB(21%)][#a9c1bb 670MiB/2.1GiB(30%)][#f06cb3 547MiB/1.5GiB(35%)]
[DL:36MiB][#e2bf9d 3.9GiB/18GiB(21%)][#a9c1bb 682MiB/2.1GiB(30%)][#f06cb3 560MiB/1.5GiB(36%)]
[DL:36MiB][#e2bf9d 3.9GiB/18GiB(21%)][#a9c1bb 694MiB/2.1GiB(31%)][#f06cb3 573MiB/1.5GiB(37%)]
[DL:36MiB][#e2bf9d 3.9GiB/18GiB(21%)][#a9c1bb 707MiB/2.1GiB(32%)][#f06cb3 586MiB/1.5GiB(38%)]
[DL:37MiB][#e2bf9d 3.9GiB/18GiB(21%)][#a9c1bb 720MiB/2.1GiB(32%)][#f06cb3 598MiB/1.5GiB(38%)]
[DL:37MiB][#e2bf9d 3.9GiB/18GiB(21%)][#a9c1bb 734MiB/2.1GiB(33%)][#f06cb3 610MiB/1.5GiB(39%)]
[DL:37MiB][#e2bf9d 3.9GiB/18GiB(21%)][#a9c1bb 747MiB/2.1GiB(33%)][#f06cb3 623MiB/1.5GiB(40%)]
[DL:37MiB][#e2bf9d 3.9GiB/18GiB(21%)][#a9c1bb 760MiB/2.1GiB(34%)][#f06cb3 636MiB/1.5GiB(41%)]
[DL:37MiB][#e2bf9d 3.9GiB/18GiB(21%)][#a9c1bb 772MiB/2.1GiB(35%)][#f06cb3 649MiB/1.5GiB(42%)]
[DL:37MiB][#e2bf9d 4.0GiB/18GiB(22%)][#a9c1bb 785MiB/2.1GiB(35%)][#f06cb3 662MiB/1.5GiB(42%)]
[DL:37MiB][#e2bf9d 4.0GiB/18GiB(22%)][#a9c1bb 797MiB/2.1GiB(36%)][#f06cb3 675MiB/1.5GiB(43%)]
[DL:38MiB][#e2bf9d 4.0GiB/18GiB(22%)][#a9c1bb 809MiB/2.1GiB(36%)][#f06cb3 689MiB/1.5GiB(44%)]
 *** Download Progress Summary as of Fri Sep 25 09:55:52 2026 *** 
===============================================================================
[#e2bf9d 4.0GiB/18GiB(22%) CN:8 DL:4.6MiB ETA:51m49s]
FILE: /home/straughter/Wan2GP/ckpts/ltx-2.5-22b-distilled_diffusion_model_int8_convrot.safetensors
-------------------------------------------------------------------------------
[#a9c1bb 814MiB/2.1GiB(36%) CN:8 DL:4.6MiB ETA:4m57s]
FILE: /home/straughter/Wan2GP/ckpts/ltx-2.5-22b_text_embedding_projection_bf16.safetensors
-------------------------------------------------------------------------------
[#f06cb3 695MiB/1.5GiB(45%) CN:8 DL:5.1MiB ETA:2m45s]
FILE: /home/straughter/Wan2GP/ckpts/ltx-2.5-22b_video_embeddings_connector_int8_convrot.safetensors
-------------------------------------------------------------------------------

[DL:14MiB][#e2bf9d 4.0GiB/18GiB(22%)][#a9c1bb 814MiB/2.1GiB(36%)][#f06cb3 695MiB/1.5GiB(45%)]
[DL:29MiB][#e2bf9d 4.1GiB/18GiB(22%)][#a9c1bb 840MiB/2.1GiB(38%)][#f06cb3 723MiB/1.5GiB(46%)]
[DL:31MiB][#e2bf9d 4.1GiB/18GiB(23%)][#a9c1bb 854MiB/2.1GiB(38%)][#f06cb3 737MiB/1.5GiB(47%)]
[DL:31MiB][#e2bf9d 4.1GiB/18GiB(23%)][#a9c1bb 865MiB/2.1GiB(39%)][#f06cb3 749MiB/1.5GiB(48%)]
[DL:79MiB][#e2bf9d 4.2GiB/18GiB(23%)][#a9c1bb 877MiB/2.1GiB(39%)][#f06cb3 761MiB/1.5GiB(49%)]
[DL:71MiB][#e2bf9d 4.2GiB/18GiB(23%)][#a9c1bb 889MiB/2.1GiB(40%)][#f06cb3 772MiB/1.5GiB(50%)]
[DL:65MiB][#e2bf9d 4.2GiB/18GiB(23%)][#a9c1bb 901MiB/2.1GiB(40%)][#f06cb3 783MiB/1.5GiB(50%)]
[DL:62MiB][#e2bf9d 4.2GiB/18GiB(23%)][#a9c1bb 914MiB/2.1GiB(41%)][#f06cb3 795MiB/1.5GiB(51%)]
[DL:59MiB][#e2bf9d 4.2GiB/18GiB(23%)][#a9c1bb 0.9GiB/2.1GiB(42%)][#f06cb3 807MiB/1.5GiB(52%)]
[DL:56MiB][#e2bf9d 4.2GiB/18GiB(23%)][#a9c1bb 0.9GiB/2.1GiB(42%)][#f06cb3 820MiB/1.5GiB(53%)]
[DL:54MiB][#e2bf9d 4.2GiB/18GiB(23%)][#a9c1bb 0.9GiB/2.1GiB(43%)][#f06cb3 831MiB/1.5GiB(53%)]
[DL:40MiB][#e2bf9d 4.3GiB/18GiB(23%)][#a9c1bb 0.9GiB/2.1GiB(43%)][#f06cb3 843MiB/1.5GiB(54%)]
[DL:38MiB][#e2bf9d 4.3GiB/18GiB(23%)][#a9c1bb 0.9GiB/2.1GiB(44%)][#f06cb3 855MiB/1.5GiB(55%)]
[DL:38MiB][#e2bf9d 4.3GiB/18GiB(23%)][#a9c1bb 0.9GiB/2.1GiB(44%)][#f06cb3 866MiB/1.5GiB(56%)]
[DL:38MiB][#e2bf9d 4.3GiB/18GiB(23%)][#a9c1bb 0.9GiB/2.1GiB(45%)][#f06cb3 878MiB/1.5GiB(57%)]
[DL:37MiB][#e2bf9d 4.3GiB/18GiB(24%)][#a9c1bb 0.9GiB/2.1GiB(45%)][#f06cb3 891MiB/1.5GiB(57%)]
[DL:37MiB][#e2bf9d 4.3GiB/18GiB(24%)][#a9c1bb 0.9GiB/2.1GiB(46%)][#f06cb3 903MiB/1.5GiB(58%)]
[DL:37MiB][#e2bf9d 4.3GiB/18GiB(24%)][#a9c1bb 1.0GiB/2.1GiB(46%)][#f06cb3 915MiB/1.5GiB(59%)]
[DL:37MiB][#e2bf9d 4.4GiB/18GiB(24%)][#a9c1bb 1.0GiB/2.1GiB(47%)][#f06cb3 0.9GiB/1.5GiB(60%)]
[DL:37MiB][#e2bf9d 4.4GiB/18GiB(24%)][#a9c1bb 1.0GiB/2.1GiB(47%)][#f06cb3 0.9GiB/1.5GiB(61%)]
[DL:37MiB][#e2bf9d 4.4GiB/18GiB(24%)][#a9c1bb 1.0GiB/2.1GiB(47%)][#f06cb3 0.9GiB/1.5GiB(61%)]
[DL:37MiB][#e2bf9d 4.4GiB/18GiB(24%)][#a9c1bb 1.0GiB/2.1GiB(48%)][#f06cb3 0.9GiB/1.5GiB(62%)]
[DL:38MiB][#e2bf9d 4.4GiB/18GiB(24%)][#a9c1bb 1.0GiB/2.1GiB(48%)][#f06cb3 0.9GiB/1.5GiB(63%)]
[DL:38MiB][#e2bf9d 4.4GiB/18GiB(24%)][#a9c1bb 1.0GiB/2.1GiB(49%)][#f06cb3 0.9GiB/1.5GiB(64%)]
[DL:38MiB][#e2bf9d 4.4GiB/18GiB(24%)][#a9c1bb 1.0GiB/2.1GiB(49%)][#f06cb3 0.9GiB/1.5GiB(65%)]
[DL:38MiB][#e2bf9d 4.5GiB/18GiB(24%)][#a9c1bb 1.0GiB/2.1GiB(50%)][#f06cb3 0.9GiB/1.5GiB(66%)]
[DL:38MiB][#e2bf9d 4.5GiB/18GiB(24%)][#a9c1bb 1.0GiB/2.1GiB(50%)][#f06cb3 1.0GiB/1.5GiB(67%)]
[DL:38MiB][#e2bf9d 4.5GiB/18GiB(24%)][#a9c1bb 1.1GiB/2.1GiB(51%)][#f06cb3 1.0GiB/1.5GiB(68%)]
[DL:38MiB][#e2bf9d 4.5GiB/18GiB(25%)][#a9c1bb 1.1GiB/2.1GiB(51%)][#f06cb3 1.0GiB/1.5GiB(69%)]
[DL:38MiB][#e2bf9d 4.5GiB/18GiB(25%)][#a9c1bb 1.1GiB/2.1GiB(52%)][#f06cb3 1.0GiB/1.5GiB(70%)]
[DL:37MiB][#e2bf9d 4.5GiB/18GiB(25%)][#a9c1bb 1.1GiB/2.1GiB(52%)][#f06cb3 1.0GiB/1.5GiB(71%)]
 *** Download Progress Summary as of Fri Sep 25 09:56:23 2026 *** 
===============================================================================
[#e2bf9d 4.5GiB/18GiB(25%) CN:8 DL:13MiB ETA:16m38s]
FILE: /home/straughter/Wan2GP/ckpts/ltx-2.5-22b-distilled_diffusion_model_int8_convrot.safetensors
-------------------------------------------------------------------------------
[#a9c1bb 1.1GiB/2.1GiB(53%) CN:8 DL:10MiB ETA:1m41s]
FILE: /home/straughter/Wan2GP/ckpts/ltx-2.5-22b_text_embedding_projection_bf16.safetensors
-------------------------------------------------------------------------------
[#f06cb3 1.0GiB/1.5GiB(72%) CN:8 DL:14MiB ETA:28s]
FILE: /home/straughter/Wan2GP/ckpts/ltx-2.5-22b_video_embeddings_connector_int8_convrot.safetensors
-------------------------------------------------------------------------------

[DL:39MiB][#e2bf9d 4.5GiB/18GiB(25%)][#a9c1bb 1.1GiB/2.1GiB(53%)][#f06cb3 1.0GiB/1.5GiB(72%)]
[DL:39MiB][#e2bf9d 4.5GiB/18GiB(25%)][#a9c1bb 1.1GiB/2.1GiB(53%)][#f06cb3 1.1GiB/1.5GiB(73%)]
[DL:38MiB][#e2bf9d 4.6GiB/18GiB(25%)][#a9c1bb 1.1GiB/2.1GiB(53%)][#f06cb3 1.1GiB/1.5GiB(74%)]
[DL:39MiB][#e2bf9d 4.6GiB/18GiB(25%)][#a9c1bb 1.1GiB/2.1GiB(54%)][#f06cb3 1.1GiB/1.5GiB(75%)]
[DL:39MiB][#e2bf9d 4.6GiB/18GiB(25%)][#a9c1bb 1.1GiB/2.1GiB(55%)][#f06cb3 1.1GiB/1.5GiB(76%)]
[DL:40MiB][#e2bf9d 4.6GiB/18GiB(25%)][#a9c1bb 1.1GiB/2.1GiB(55%)][#f06cb3 1.1GiB/1.5GiB(77%)]
[DL:39MiB][#e2bf9d 4.6GiB/18GiB(25%)][#a9c1bb 1.2GiB/2.1GiB(56%)][#f06cb3 1.1GiB/1.5GiB(78%)]
[DL:39MiB][#e2bf9d 4.6GiB/18GiB(25%)][#a9c1bb 1.2GiB/2.1GiB(56%)][#f06cb3 1.1GiB/1.5GiB(78%)]
[DL:39MiB][#e2bf9d 4.7GiB/18GiB(25%)][#a9c1bb 1.2GiB/2.1GiB(57%)][#f06cb3 1.2GiB/1.5GiB(79%)]
[DL:39MiB][#e2bf9d 4.7GiB/18GiB(25%)][#a9c1bb 1.2GiB/2.1GiB(57%)][#f06cb3 1.2GiB/1.5GiB(80%)]
[DL:39MiB][#e2bf9d 4.7GiB/18GiB(26%)][#a9c1bb 1.2GiB/2.1GiB(58%)][#f06cb3 1.2GiB/1.5GiB(81%)]
[DL:38MiB][#e2bf9d 4.7GiB/18GiB(26%)][#a9c1bb 1.2GiB/2.1GiB(58%)][#f06cb3 1.2GiB/1.5GiB(82%)]
[DL:38MiB][#e2bf9d 4.7GiB/18GiB(26%)][#a9c1bb 1.2GiB/2.1GiB(59%)][#f06cb3 1.2GiB/1.5GiB(83%)]
[DL:38MiB][#e2bf9d 4.7GiB/18GiB(26%)][#a9c1bb 1.2GiB/2.1GiB(59%)][#f06cb3 1.2GiB/1.5GiB(84%)]
[DL:38MiB][#e2bf9d 4.7GiB/18GiB(26%)][#a9c1bb 1.2GiB/2.1GiB(60%)][#f06cb3 1.2GiB/1.5GiB(85%)]
[DL:38MiB][#e2bf9d 4.7GiB/18GiB(26%)][#a9c1bb 1.3GiB/2.1GiB(60%)][#f06cb3 1.2GiB/1.5GiB(85%)]
[DL:38MiB][#e2bf9d 4.8GiB/18GiB(26%)][#a9c1bb 1.3GiB/2.1GiB(61%)][#f06cb3 1.3GiB/1.5GiB(86%)]
[DL:38MiB][#e2bf9d 4.8GiB/18GiB(26%)][#a9c1bb 1.3GiB/2.1GiB(61%)][#f06cb3 1.3GiB/1.5GiB(87%)]
[DL:38MiB][#e2bf9d 4.8GiB/18GiB(26%)][#a9c1bb 1.3GiB/2.1GiB(62%)][#f06cb3 1.3GiB/1.5GiB(88%)]
[DL:39MiB][#e2bf9d 4.8GiB/18GiB(26%)][#a9c1bb 1.3GiB/2.1GiB(63%)][#f06cb3 1.3GiB/1.5GiB(88%)]
[DL:38MiB][#e2bf9d 4.8GiB/18GiB(26%)][#a9c1bb 1.3GiB/2.1GiB(63%)][#f06cb3 1.3GiB/1.5GiB(89%)]
[DL:38MiB][#e2bf9d 4.8GiB/18GiB(26%)][#a9c1bb 1.3GiB/2.1GiB(64%)][#f06cb3 1.3GiB/1.5GiB(89%)]
[DL:38MiB][#e2bf9d 4.8GiB/18GiB(26%)][#a9c1bb 1.4GiB/2.1GiB(65%)][#f06cb3 1.3GiB/1.5GiB(90%)]
[DL:27MiB][#e2bf9d 4.9GiB/18GiB(27%)][#a9c1bb 1.4GiB/2.1GiB(65%)][#f06cb3 1.3GiB/1.5GiB(91%)]
[DL:37MiB][#e2bf9d 4.9GiB/18GiB(27%)][#a9c1bb 1.4GiB/2.1GiB(67%)][#f06cb3 1.3GiB/1.5GiB(92%)]
[DL:37MiB][#e2bf9d 4.9GiB/18GiB(27%)][#a9c1bb 1.4GiB/2.1GiB(67%)][#f06cb3 1.4GiB/1.5GiB(93%)]
[DL:37MiB][#e2bf9d 5.0GiB/18GiB(27%)][#a9c1bb 1.4GiB/2.1GiB(68%)][#f06cb3 1.4GiB/1.5GiB(93%)]
[DL:37MiB][#e2bf9d 5.0GiB/18GiB(27%)][#a9c1bb 1.4GiB/2.1GiB(68%)][#f06cb3 1.4GiB/1.5GiB(94%)]
 *** Download Progress Summary as of Fri Sep 25 09:56:54 2026 *** 
===============================================================================
[#e2bf9d 5.0GiB/18GiB(27%) CN:8 DL:18MiB ETA:11m59s]
FILE: /home/straughter/Wan2GP/ckpts/ltx-2.5-22b-distilled_diffusion_model_int8_convrot.safetensors
-------------------------------------------------------------------------------
[#a9c1bb 1.4GiB/2.1GiB(69%) CN:8 DL:11MiB ETA:59s]
FILE: /home/straughter/Wan2GP/ckpts/ltx-2.5-22b_text_embedding_projection_bf16.safetensors
-------------------------------------------------------------------------------
[#f06cb3 1.4GiB/1.5GiB(94%) CN:5 DL:7.6MiB ETA:10s]
FILE: /home/straughter/Wan2GP/ckpts/ltx-2.5-22b_video_embeddings_connector_int8_convrot.safetensors
-------------------------------------------------------------------------------

