command=["ssh", "-o", "BatchMode=yes", "-o", "ConnectTimeout=15", "3090", "/bin/sh", "/tmp/wd-qthq-editor-export-20260929T195201Z-3c1a4bfd-ffmpeg.sh"]
stdout:

stderr:
ffmpeg version 6.1.1-3ubuntu5 Copyright (c) 2000-2023 the FFmpeg developers
  built with gcc 13 (Ubuntu 13.2.0-23ubuntu3)
  configuration: --prefix=/usr --extra-version=3ubuntu5 --toolchain=hardened --libdir=/usr/lib/x86_64-linux-gnu --incdir=/usr/include/x86_64-linux-gnu --arch=amd64 --enable-gpl --disable-stripping --disable-omx --enable-gnutls --enable-libaom --enable-libass --enable-libbs2b --enable-libcaca --enable-libcdio --enable-libcodec2 --enable-libdav1d --enable-libflite --enable-libfontconfig --enable-libfreetype --enable-libfribidi --enable-libglslang --enable-libgme --enable-libgsm --enable-libharfbuzz --enable-libmp3lame --enable-libmysofa --enable-libopenjpeg --enable-libopenmpt --enable-libopus --enable-librubberband --enable-libshine --enable-libsnappy --enable-libsoxr --enable-libspeex --enable-libtheora --enable-libtwolame --enable-libvidstab --enable-libvorbis --enable-libvpx --enable-libwebp --enable-libx265 --enable-libxml2 --enable-libxvid --enable-libzimg --enable-openal --enable-opencl --enable-opengl --disable-sndio --enable-libvpl --disable-libmfx --enable-libdc1394 --enable-libdrm --enable-libiec61883 --enable-chromaprint --enable-frei0r --enable-ladspa --enable-libbluray --enable-libjack --enable-libpulse --enable-librabbitmq --enable-librist --enable-libsrt --enable-libssh --enable-libsvtav1 --enable-libx264 --enable-libzmq --enable-libzvbi --enable-lv2 --enable-sdl2 --enable-libplacebo --enable-librav1e --enable-pocketsphinx --enable-librsvg --enable-libjxl --enable-shared
  libavutil      58. 29.100 / 58. 29.100
  libavcodec     60. 31.102 / 60. 31.102
  libavformat    60. 16.100 / 60. 16.100
  libavdevice    60.  3.100 / 60.  3.100
  libavfilter     9. 12.100 /  9. 12.100
  libswscale      7.  5.100 /  7.  5.100
  libswresample   4. 12.100 /  4. 12.100
  libpostproc    57.  3.100 / 57.  3.100
Input #0, mov,mp4,m4a,3gp,3g2,mj2, from '/home/straughter/Wan2GP/wd-qthq-editor-export/20260929T195201Z/cc0280f0/sources/video-cut.mp4':
  Metadata:
    major_brand     : isom
    minor_version   : 512
    compatible_brands: isomiso2avc1mp41
    encoder         : Lavf60.16.100
  Duration: 00:00:02.33, start: 0.000000, bitrate: 4873 kb/s
  Stream #0:0[0x1](und): Video: h264 (High) (avc1 / 0x31637661), yuv420p(progressive), 704x576, 4734 kb/s, 24 fps, 24 tbr, 12288 tbn (default)
    Metadata:
      handler_name    : VideoHandler
      vendor_id       : [0][0][0][0]
      encoder         : Lavc61.3.100 libx264
  Stream #0:1[0x2](und): Audio: aac (LC) (mp4a / 0x6134706D), 32000 Hz, stereo, fltp, 127 kb/s (default)
    Metadata:
      handler_name    : SoundHandler
      vendor_id       : [0][0][0][0]
[aist#1:0/pcm_s16le @ 0x60f31fe62b80] Guessed Channel Layout: mono
Input #1, wav, from '/home/straughter/Wan2GP/wd-qthq-editor-export/20260929T195201Z/cc0280f0/sources/voice.wav':
  Duration: 00:00:02.13, bitrate: 384 kb/s
  Stream #1:0: Audio: pcm_s16le ([1][0][0][0] / 0x0001), 24000 Hz, 1 channels, s16, 384 kb/s
Stream mapping:
  Stream #0:0 (h264) -> split:default
  Stream #1:0 (pcm_s16le) -> atrim:default
  concat:out:v0 -> Stream #0:0 (libx264)
  atrim:default -> Stream #0:1 (aac)
[libx264 @ 0x60f320c83ac0] using cpu capabilities: MMX2 SSE2Fast SSSE3 SSE4.2 AVX FMA3 BMI2 AVX2
[libx264 @ 0x60f320c83ac0] profile High, level 3.0, 4:2:0, 8-bit
[libx264 @ 0x60f320c83ac0] 264 - core 164 r3108 31e19f9 - H.264/MPEG-4 AVC codec - Copyleft 2003-2023 - http://www.videolan.org/x264.html - options: cabac=1 ref=3 deblock=1:0:0 analyse=0x3:0x113 me=hex subme=7 psy=1 psy_rd=1.00:0.00 mixed_ref=1 me_range=16 chroma_me=1 trellis=1 8x8dct=1 cqm=0 deadzone=21,11 fast_pskip=1 chroma_qp_offset=-2 threads=18 lookahead_threads=3 sliced_threads=0 nr=0 decimate=1 interlaced=0 bluray_compat=0 constrained_intra=0 bframes=3 b_pyramid=2 b_adapt=1 b_bias=0 direct=1 weightb=1 open_gop=0 weightp=2 keyint=250 keyint_min=24 scenecut=40 intra_refresh=0 rc_lookahead=40 rc=crf mbtree=1 crf=18.0 qcomp=0.60 qpmin=0 qpmax=69 qpstep=4 ip_ratio=1.40 aq=1:1.00
Output #0, mp4, to '/home/straughter/Wan2GP/wd-qthq-editor-export/20260929T195201Z/cc0280f0/outputs/editor-export.mp4':
  Metadata:
    major_brand     : isom
    minor_version   : 512
    compatible_brands: isomiso2avc1mp41
    encoder         : Lavf60.16.100
  Stream #0:0: Video: h264 (avc1 / 0x31637661), yuv420p(progressive), 704x576, q=2-31, 24 fps, 12288 tbn
    Metadata:
      encoder         : Lavc60.31.102 libx264
    Side data:
      cpb: bitrate max/min/avg: 0/0/0 buffer size: 0 vbv_delay: N/A
  Stream #0:1: Audio: aac (LC) (mp4a / 0x6134706D), 24000 Hz, mono, fltp, 128 kb/s
    Metadata:
      encoder         : Lavc60.31.102 aac
frame=    0 fps=0.0 q=0.0 size=       0kB time=-00:00:00.04 bitrate=  -0.0kbits/s speed=N/A    [mp4 @ 0x60f320c82a80] Starting second pass: moving the moov atom to the beginning of the file
[out#0/mp4 @ 0x60f320c82940] video:471kB audio:29kB subtitle:0kB other streams:0kB global headers:0kB muxing overhead: 0.738304%
frame=   96 fps=0.0 q=-1.0 Lsize=     504kB time=00:00:03.96 bitrate=1039.8kbits/s speed=18.2x    
[libx264 @ 0x60f320c83ac0] frame I:1     Avg QP:16.20  size: 92159
[libx264 @ 0x60f320c83ac0] frame P:26    Avg QP:15.84  size: 13325
[libx264 @ 0x60f320c83ac0] frame B:69    Avg QP:23.08  size:   627
[libx264 @ 0x60f320c83ac0] consecutive B-frames:  2.1%  6.2%  0.0% 91.7%
[libx264 @ 0x60f320c83ac0] mb I  I16..4:  3.2% 45.1% 51.6%
[libx264 @ 0x60f320c83ac0] mb P  I16..4:  0.0%  0.4%  0.3%  P16..4: 28.3% 12.5% 13.2%  0.0%  0.0%    skip:45.2%
[libx264 @ 0x60f320c83ac0] mb B  I16..4:  0.0%  0.0%  0.0%  B16..8: 12.6%  1.2%  0.3%  direct: 0.3%  skip:85.6%  L0:28.7% L1:59.4% BI:11.9%
[libx264 @ 0x60f320c83ac0] 8x8 transform intra:47.3% inter:43.2%
[libx264 @ 0x60f320c83ac0] coded y,uvDC,uvAC intra: 97.5% 96.3% 88.8% inter: 10.1% 9.3% 3.1%
[libx264 @ 0x60f320c83ac0] i16 v,h,dc,p: 37% 12% 14% 37%
[libx264 @ 0x60f320c83ac0] i8 v,h,dc,ddl,ddr,vr,hd,vl,hu: 28% 18% 11%  6%  6%  8%  7%  8%  8%
[libx264 @ 0x60f320c83ac0] i4 v,h,dc,ddl,ddr,vr,hd,vl,hu: 24% 19%  9%  7%  8%  9%  8% 10%  8%
[libx264 @ 0x60f320c83ac0] i8c dc,h,v,p: 37% 22% 32%  9%
[libx264 @ 0x60f320c83ac0] Weighted P-Frames: Y:0.0% UV:0.0%
[libx264 @ 0x60f320c83ac0] ref P L0: 66.9%  7.8% 11.1% 14.2%
[libx264 @ 0x60f320c83ac0] ref B L0: 93.1%  4.6%  2.4%
[libx264 @ 0x60f320c83ac0] ref B L1: 94.3%  5.7%
[libx264 @ 0x60f320c83ac0] kb/s:963.70
[aac @ 0x60f320c85640] Qavg: 56782.410

exit=0
